<?xml version="1.0"?>
<link_info>
   <banner>TI ARM Linker PC v5.2.6</banner>
   <copyright>Copyright (c) 1996-2015 Texas Instruments Incorporated</copyright>
   <link_time>0x57c3e394</link_time>
   <link_errors>0x0</link_errors>
   <output_file>TivaCLP_boostxl_battpackmkii.out</output_file>
   <entry_point>
      <name>_c_int00</name>
      <address>0x1dd1</address>
   </entry_point>
   <input_file_list>
      <input_file id="fl-2">
         <path>.\</path>
         <kind>object</kind>
         <file>boostxl_battpack.obj</file>
         <name>boostxl_battpack.obj</name>
      </input_file>
      <input_file id="fl-3">
         <path>.\</path>
         <kind>object</kind>
         <file>startup_ccs.obj</file>
         <name>startup_ccs.obj</name>
      </input_file>
      <input_file id="fl-4">
         <path>.\drivers\</path>
         <kind>object</kind>
         <file>buttons.obj</file>
         <name>buttons.obj</name>
      </input_file>
      <input_file id="fl-5">
         <path>.\drivers\</path>
         <kind>object</kind>
         <file>pinout.obj</file>
         <name>pinout.obj</name>
      </input_file>
      <input_file id="fl-6">
         <path>.\sensorlib\</path>
         <kind>object</kind>
         <file>bq27441g1.obj</file>
         <name>bq27441g1.obj</name>
      </input_file>
      <input_file id="fl-7">
         <path>.\utils\</path>
         <kind>object</kind>
         <file>cmdline.obj</file>
         <name>cmdline.obj</name>
      </input_file>
      <input_file id="fl-8">
         <path>.\utils\</path>
         <kind>object</kind>
         <file>uartstdio.obj</file>
         <name>uartstdio.obj</name>
      </input_file>
      <input_file id="fl-9">
         <path>.\utils\</path>
         <kind>object</kind>
         <file>ustdlib.obj</file>
         <name>ustdlib.obj</name>
      </input_file>
      <input_file id="fl-131">
         <path>C:\CCSV6\ccsv6\tools\compiler\ti-cgt-arm_5.2.6\lib\</path>
         <kind>archive</kind>
         <file>rtsv7M4_T_le_v4SPD16_eabi.lib</file>
         <name>boot.obj</name>
      </input_file>
      <input_file id="fl-132">
         <path>C:\CCSV6\ccsv6\tools\compiler\ti-cgt-arm_5.2.6\lib\</path>
         <kind>archive</kind>
         <file>rtsv7M4_T_le_v4SPD16_eabi.lib</file>
         <name>copy_decompress_none.obj</name>
      </input_file>
      <input_file id="fl-133">
         <path>C:\CCSV6\ccsv6\tools\compiler\ti-cgt-arm_5.2.6\lib\</path>
         <kind>archive</kind>
         <file>rtsv7M4_T_le_v4SPD16_eabi.lib</file>
         <name>copy_decompress_rle.obj</name>
      </input_file>
      <input_file id="fl-134">
         <path>C:\CCSV6\ccsv6\tools\compiler\ti-cgt-arm_5.2.6\lib\</path>
         <kind>archive</kind>
         <file>rtsv7M4_T_le_v4SPD16_eabi.lib</file>
         <name>copy_zero_init.obj</name>
      </input_file>
      <input_file id="fl-135">
         <path>C:\CCSV6\ccsv6\tools\compiler\ti-cgt-arm_5.2.6\lib\</path>
         <kind>archive</kind>
         <file>rtsv7M4_T_le_v4SPD16_eabi.lib</file>
         <name>exit.obj</name>
      </input_file>
      <input_file id="fl-136">
         <path>C:\CCSV6\ccsv6\tools\compiler\ti-cgt-arm_5.2.6\lib\</path>
         <kind>archive</kind>
         <file>rtsv7M4_T_le_v4SPD16_eabi.lib</file>
         <name>memcpy_t2.obj</name>
      </input_file>
      <input_file id="fl-137">
         <path>C:\CCSV6\ccsv6\tools\compiler\ti-cgt-arm_5.2.6\lib\</path>
         <kind>archive</kind>
         <file>rtsv7M4_T_le_v4SPD16_eabi.lib</file>
         <name>memset_t2.obj</name>
      </input_file>
      <input_file id="fl-138">
         <path>C:\CCSV6\ccsv6\tools\compiler\ti-cgt-arm_5.2.6\lib\</path>
         <kind>archive</kind>
         <file>rtsv7M4_T_le_v4SPD16_eabi.lib</file>
         <name>pre_init.obj</name>
      </input_file>
      <input_file id="fl-139">
         <path>C:\CCSV6\ccsv6\tools\compiler\ti-cgt-arm_5.2.6\lib\</path>
         <kind>archive</kind>
         <file>rtsv7M4_T_le_v4SPD16_eabi.lib</file>
         <name>stkdepth_vars.obj</name>
      </input_file>
      <input_file id="fl-13a">
         <path>C:\CCSV6\ccsv6\tools\compiler\ti-cgt-arm_5.2.6\lib\</path>
         <kind>archive</kind>
         <file>rtsv7M4_T_le_v4SPD16_eabi.lib</file>
         <name>strcmp.obj</name>
      </input_file>
      <input_file id="fl-13b">
         <path>C:\CCSV6\ccsv6\tools\compiler\ti-cgt-arm_5.2.6\lib\</path>
         <kind>archive</kind>
         <file>rtsv7M4_T_le_v4SPD16_eabi.lib</file>
         <name>u_divt2.obj</name>
      </input_file>
      <input_file id="fl-13c">
         <path>C:\CCSV6\ccsv6\tools\compiler\ti-cgt-arm_5.2.6\lib\</path>
         <kind>archive</kind>
         <file>rtsv7M4_T_le_v4SPD16_eabi.lib</file>
         <name>_lock.obj</name>
      </input_file>
      <input_file id="fl-13d">
         <path>C:\CCSV6\ccsv6\tools\compiler\ti-cgt-arm_5.2.6\lib\</path>
         <kind>archive</kind>
         <file>rtsv7M4_T_le_v4SPD16_eabi.lib</file>
         <name>args_main.obj</name>
      </input_file>
      <input_file id="fl-13e">
         <path>C:\CCSV6\ccsv6\tools\compiler\ti-cgt-arm_5.2.6\lib\</path>
         <kind>archive</kind>
         <file>rtsv7M4_T_le_v4SPD16_eabi.lib</file>
         <name>autoinit.obj</name>
      </input_file>
      <input_file id="fl-13f">
         <path>C:\CCSV6\ccsv6\tools\compiler\ti-cgt-arm_5.2.6\lib\</path>
         <kind>archive</kind>
         <file>rtsv7M4_T_le_v4SPD16_eabi.lib</file>
         <name>cpy_tbl.obj</name>
      </input_file>
      <input_file id="fl-140">
         <path>C:\CCSV6\ccsv6\tools\compiler\ti-cgt-arm_5.2.6\lib\</path>
         <kind>archive</kind>
         <file>rtsv7M4_T_le_v4SPD16_eabi.lib</file>
         <name>i_div0.obj</name>
      </input_file>
      <input_file id="fl-141">
         <path>C:\EK-TM4C129\driverlib\ccs\Debug\</path>
         <kind>archive</kind>
         <file>driverlib.lib</file>
         <name>sysctl.obj</name>
      </input_file>
      <input_file id="fl-142">
         <path>C:\EK-TM4C129\driverlib\ccs\Debug\</path>
         <kind>archive</kind>
         <file>driverlib.lib</file>
         <name>interrupt.obj</name>
      </input_file>
      <input_file id="fl-143">
         <path>C:\EK-TM4C129\driverlib\ccs\Debug\</path>
         <kind>archive</kind>
         <file>driverlib.lib</file>
         <name>gpio.obj</name>
      </input_file>
      <input_file id="fl-144">
         <path>C:\EK-TM4C129\driverlib\ccs\Debug\</path>
         <kind>archive</kind>
         <file>driverlib.lib</file>
         <name>cpu.obj</name>
      </input_file>
      <input_file id="fl-145">
         <path>C:\EK-TM4C129\sensorlib\ccs\Debug\</path>
         <kind>archive</kind>
         <file>sensorlib.lib</file>
         <name>i2cm_drv.obj</name>
      </input_file>
      <input_file id="fl-146">
         <path>C:\EK-TM4C129\driverlib\ccs\Debug\</path>
         <kind>archive</kind>
         <file>driverlib.lib</file>
         <name>i2c.obj</name>
      </input_file>
   </input_file_list>
   <object_component_list>
      <object_component id="oc-f">
         <name>.intvecs</name>
         <load_address>0x0</load_address>
         <run_address>0x0</run_address>
         <size>0x200</size>
         <input_file_ref idref="fl-3"/>
      </object_component>
      <object_component id="oc-327">
         <name>.text:Cmd_status</name>
         <load_address>0x200</load_address>
         <run_address>0x200</run_address>
         <size>0x268</size>
         <input_file_ref idref="fl-2"/>
      </object_component>
      <object_component id="oc-1a5">
         <name>.text:PinoutSet</name>
         <load_address>0x468</load_address>
         <run_address>0x468</run_address>
         <size>0x214</size>
         <input_file_ref idref="fl-5"/>
      </object_component>
      <object_component id="oc-19f">
         <name>.text:SysCtlClockFreqSet</name>
         <load_address>0x67c</load_address>
         <run_address>0x67c</run_address>
         <size>0x1fc</size>
         <input_file_ref idref="fl-141"/>
      </object_component>
      <object_component id="oc-26f">
         <name>.text:UARTvprintf</name>
         <load_address>0x878</load_address>
         <run_address>0x878</run_address>
         <size>0x1ea</size>
         <input_file_ref idref="fl-8"/>
      </object_component>
      <object_component id="oc-36">
         <name>.text:FaultISR</name>
         <load_address>0xa62</load_address>
         <run_address>0xa62</run_address>
         <size>0x2</size>
         <input_file_ref idref="fl-3"/>
      </object_component>
      <object_component id="oc-102">
         <name>.text:main</name>
         <load_address>0xa64</load_address>
         <run_address>0xa64</run_address>
         <size>0x1c8</size>
         <input_file_ref idref="fl-2"/>
      </object_component>
      <object_component id="oc-42">
         <name>.text:UARTStdioIntHandler</name>
         <load_address>0xc2c</load_address>
         <run_address>0xc2c</run_address>
         <size>0x160</size>
         <input_file_ref idref="fl-8"/>
      </object_component>
      <object_component id="oc-255">
         <name>.text:GPIOPadConfigSet</name>
         <load_address>0xd8c</load_address>
         <run_address>0xd8c</run_address>
         <size>0x130</size>
         <input_file_ref idref="fl-143"/>
      </object_component>
      <object_component id="oc-339">
         <name>.text:Cmd_current</name>
         <load_address>0xebc</load_address>
         <run_address>0xebc</run_address>
         <size>0x10c</size>
         <input_file_ref idref="fl-2"/>
      </object_component>
      <object_component id="oc-32d">
         <name>.text:Cmd_temp</name>
         <load_address>0xfc8</load_address>
         <run_address>0xfc8</run_address>
         <size>0x108</size>
         <input_file_ref idref="fl-2"/>
      </object_component>
      <object_component id="oc-333">
         <name>.text:Cmd_volt</name>
         <load_address>0x10d0</load_address>
         <run_address>0x10d0</run_address>
         <size>0xfc</size>
         <input_file_ref idref="fl-2"/>
      </object_component>
      <object_component id="oc-d5">
         <name>.text:I2CMIntHandler</name>
         <load_address>0x11cc</load_address>
         <run_address>0x11cc</run_address>
         <size>0xf2</size>
         <input_file_ref idref="fl-145"/>
      </object_component>
      <object_component id="oc-3c">
         <name>.text:IntDefaultHandler</name>
         <load_address>0x12be</load_address>
         <run_address>0x12be</run_address>
         <size>0x2</size>
         <input_file_ref idref="fl-3"/>
      </object_component>
      <object_component id="oc-1c9">
         <name>.text:BQ27441G1AppI2CWait</name>
         <load_address>0x12c0</load_address>
         <run_address>0x12c0</run_address>
         <size>0xd4</size>
         <input_file_ref idref="fl-2"/>
      </object_component>
      <object_component id="oc-1cf">
         <name>.text:CheckForUserCommands</name>
         <load_address>0x1394</load_address>
         <run_address>0x1394</run_address>
         <size>0xb4</size>
         <input_file_ref idref="fl-2"/>
      </object_component>
      <object_component id="oc-1ab">
         <name>.text:UARTStdioConfig</name>
         <load_address>0x1448</load_address>
         <run_address>0x1448</run_address>
         <size>0xb0</size>
         <input_file_ref idref="fl-8"/>
      </object_component>
      <object_component id="oc-a8">
         <name>.text:UARTwrite</name>
         <load_address>0x14f8</load_address>
         <run_address>0x14f8</run_address>
         <size>0xa8</size>
         <input_file_ref idref="fl-8"/>
      </object_component>
      <object_component id="oc-57">
         <name>.text</name>
         <load_address>0x15a0</load_address>
         <run_address>0x15a0</run_address>
         <size>0x9c</size>
         <input_file_ref idref="fl-136"/>
      </object_component>
      <object_component id="oc-17d">
         <name>.text:I2CMStateIdle</name>
         <load_address>0x163c</load_address>
         <run_address>0x163c</run_address>
         <size>0x98</size>
         <input_file_ref idref="fl-145"/>
      </object_component>
      <object_component id="oc-381">
         <name>.text:BQ27441G1Callback</name>
         <load_address>0x16d4</load_address>
         <run_address>0x16d4</run_address>
         <size>0x8c</size>
         <input_file_ref idref="fl-6"/>
      </object_component>
      <object_component id="oc-9c">
         <name>.text:UARTPrimeTransmit</name>
         <load_address>0x1760</load_address>
         <run_address>0x1760</run_address>
         <size>0x8c</size>
         <input_file_ref idref="fl-8"/>
      </object_component>
      <object_component id="oc-37b">
         <name>.text:I2CMCommand</name>
         <load_address>0x17ec</load_address>
         <run_address>0x17ec</run_address>
         <size>0x84</size>
         <input_file_ref idref="fl-145"/>
      </object_component>
      <object_component id="oc-70">
         <name>.text</name>
         <load_address>0x1870</load_address>
         <run_address>0x1870</run_address>
         <size>0x7a</size>
         <input_file_ref idref="fl-137"/>
      </object_component>
      <object_component id="oc-30">
         <name>.text:NmiSR</name>
         <load_address>0x18ea</load_address>
         <run_address>0x18ea</run_address>
         <size>0x2</size>
         <input_file_ref idref="fl-3"/>
      </object_component>
      <object_component id="oc-ce">
         <name>.text:LEDWrite</name>
         <load_address>0x18ec</load_address>
         <run_address>0x18ec</run_address>
         <size>0x6c</size>
         <input_file_ref idref="fl-5"/>
      </object_component>
      <object_component id="oc-82">
         <name>.text</name>
         <load_address>0x1958</load_address>
         <run_address>0x1958</run_address>
         <size>0x6c</size>
         <input_file_ref idref="fl-13e"/>
      </object_component>
      <object_component id="oc-63">
         <name>.text</name>
         <load_address>0x19c4</load_address>
         <run_address>0x19c4</run_address>
         <size>0x6a</size>
         <input_file_ref idref="fl-133"/>
      </object_component>
      <object_component id="oc-30f">
         <name>.text</name>
         <load_address>0x1a2e</load_address>
         <run_address>0x1a2e</run_address>
         <size>0x2</size>
         <input_file_ref idref="fl-140"/>
      </object_component>
      <object_component id="oc-2a6">
         <name>.text:CmdLineProcess</name>
         <load_address>0x1a30</load_address>
         <run_address>0x1a30</run_address>
         <size>0x64</size>
         <input_file_ref idref="fl-7"/>
      </object_component>
      <object_component id="oc-3b3">
         <name>.text:IntIsEnabled</name>
         <load_address>0x1a94</load_address>
         <run_address>0x1a94</run_address>
         <size>0x64</size>
         <input_file_ref idref="fl-142"/>
      </object_component>
      <object_component id="oc-321">
         <name>.text:Cmd_help</name>
         <load_address>0x1af8</load_address>
         <run_address>0x1af8</run_address>
         <size>0x60</size>
         <input_file_ref idref="fl-2"/>
      </object_component>
      <object_component id="oc-3b9">
         <name>.text:IntDisable</name>
         <load_address>0x1b58</load_address>
         <run_address>0x1b58</run_address>
         <size>0x60</size>
         <input_file_ref idref="fl-142"/>
      </object_component>
      <object_component id="oc-288">
         <name>.text:IntEnable</name>
         <load_address>0x1bb8</load_address>
         <run_address>0x1bb8</run_address>
         <size>0x60</size>
         <input_file_ref idref="fl-142"/>
      </object_component>
      <object_component id="oc-c8">
         <name>.text:LEDRead</name>
         <load_address>0x1c18</load_address>
         <run_address>0x1c18</run_address>
         <size>0x60</size>
         <input_file_ref idref="fl-5"/>
      </object_component>
      <object_component id="oc-16b">
         <name>.text:I2CMStateWritePause</name>
         <load_address>0x1c78</load_address>
         <run_address>0x1c78</run_address>
         <size>0x5e</size>
         <input_file_ref idref="fl-145"/>
      </object_component>
      <object_component id="oc-347">
         <name>.text:BQ27441G1DataRead</name>
         <load_address>0x1cd8</load_address>
         <run_address>0x1cd8</run_address>
         <size>0x54</size>
         <input_file_ref idref="fl-6"/>
      </object_component>
      <object_component id="oc-2a0">
         <name>.text:UARTgets</name>
         <load_address>0x1d2c</load_address>
         <run_address>0x1d2c</run_address>
         <size>0x54</size>
         <input_file_ref idref="fl-8"/>
      </object_component>
      <object_component id="oc-48">
         <name>.text:LEDBlinkIntHandler</name>
         <load_address>0x1d80</load_address>
         <run_address>0x1d80</run_address>
         <size>0x50</size>
         <input_file_ref idref="fl-2"/>
      </object_component>
      <object_component id="oc-24">
         <name>.text</name>
         <load_address>0x1dd0</load_address>
         <run_address>0x1dd0</run_address>
         <size>0x50</size>
         <input_file_ref idref="fl-131"/>
      </object_component>
      <object_component id="oc-171">
         <name>.text:I2CMStateWriteFinal</name>
         <load_address>0x1e20</load_address>
         <run_address>0x1e20</run_address>
         <size>0x4e</size>
         <input_file_ref idref="fl-145"/>
      </object_component>
      <object_component id="oc-fa">
         <name>.text</name>
         <load_address>0x1e70</load_address>
         <run_address>0x1e70</run_address>
         <size>0x4c</size>
         <input_file_ref idref="fl-13f"/>
      </object_component>
      <object_component id="oc-159">
         <name>.text:I2CMStateReadNext</name>
         <load_address>0x1ebc</load_address>
         <run_address>0x1ebc</run_address>
         <size>0x48</size>
         <input_file_ref idref="fl-145"/>
      </object_component>
      <object_component id="oc-282">
         <name>.text:I2CMasterInitExpClk</name>
         <load_address>0x1f04</load_address>
         <run_address>0x1f04</run_address>
         <size>0x48</size>
         <input_file_ref idref="fl-146"/>
      </object_component>
      <object_component id="oc-23f">
         <name>.text:_SysCtlFrequencyGet</name>
         <load_address>0x1f4c</load_address>
         <run_address>0x1f4c</run_address>
         <size>0x48</size>
         <input_file_ref idref="fl-141"/>
      </object_component>
      <object_component id="oc-177">
         <name>.text:I2CMStateWriteNext</name>
         <load_address>0x1f94</load_address>
         <run_address>0x1f94</run_address>
         <size>0x46</size>
         <input_file_ref idref="fl-145"/>
      </object_component>
      <object_component id="oc-141">
         <name>.text:I2CMStateCallback</name>
         <load_address>0x1fda</load_address>
         <run_address>0x1fda</run_address>
         <size>0x44</size>
         <input_file_ref idref="fl-145"/>
      </object_component>
      <object_component id="oc-29a">
         <name>.text:UARTPeek</name>
         <load_address>0x2020</load_address>
         <run_address>0x2020</run_address>
         <size>0x44</size>
         <input_file_ref idref="fl-8"/>
      </object_component>
      <object_component id="oc-8e">
         <name>.text</name>
         <load_address>0x2064</load_address>
         <run_address>0x2064</run_address>
         <size>0x44</size>
         <input_file_ref idref="fl-135"/>
      </object_component>
      <object_component id="oc-2df">
         <name>.text</name>
         <load_address>0x20a8</load_address>
         <run_address>0x20a8</run_address>
         <size>0x40</size>
         <input_file_ref idref="fl-13b"/>
      </object_component>
      <object_component id="oc-153">
         <name>.text:I2CMStateReadFinal</name>
         <load_address>0x20e8</load_address>
         <run_address>0x20e8</run_address>
         <size>0x3e</size>
         <input_file_ref idref="fl-145"/>
      </object_component>
      <object_component id="oc-14d">
         <name>.text:I2CMStateReadPause</name>
         <load_address>0x2126</load_address>
         <run_address>0x2126</run_address>
         <size>0x3e</size>
         <input_file_ref idref="fl-145"/>
      </object_component>
      <object_component id="oc-268">
         <name>.text:UARTFlushTx</name>
         <load_address>0x2164</load_address>
         <run_address>0x2164</run_address>
         <size>0x3c</size>
         <input_file_ref idref="fl-8"/>
      </object_component>
      <object_component id="oc-35f">
         <name>.text:BQ27441G1DataTemperatureInternalGetFloat</name>
         <load_address>0x21a0</load_address>
         <run_address>0x21a0</run_address>
         <size>0x34</size>
         <input_file_ref idref="fl-6"/>
      </object_component>
      <object_component id="oc-1bd">
         <name>.text:I2CMInit</name>
         <load_address>0x21d4</load_address>
         <run_address>0x21d4</run_address>
         <size>0x34</size>
         <input_file_ref idref="fl-145"/>
      </object_component>
      <object_component id="oc-34d">
         <name>.text:BQ27441G1DataCapacityFullAvailableGetFloat</name>
         <load_address>0x2208</load_address>
         <run_address>0x2208</run_address>
         <size>0x2c</size>
         <input_file_ref idref="fl-6"/>
      </object_component>
      <object_component id="oc-353">
         <name>.text:BQ27441G1DataCapacityRemainingGetFloat</name>
         <load_address>0x2234</load_address>
         <run_address>0x2234</run_address>
         <size>0x2c</size>
         <input_file_ref idref="fl-6"/>
      </object_component>
      <object_component id="oc-365">
         <name>.text:BQ27441G1DataCurrentAverageGetFloat</name>
         <load_address>0x2260</load_address>
         <run_address>0x2260</run_address>
         <size>0x2c</size>
         <input_file_ref idref="fl-6"/>
      </object_component>
      <object_component id="oc-374">
         <name>.text:BQ27441G1DataCurrentStandbyGetFloat</name>
         <load_address>0x228c</load_address>
         <run_address>0x228c</run_address>
         <size>0x2c</size>
         <input_file_ref idref="fl-6"/>
      </object_component>
      <object_component id="oc-359">
         <name>.text:BQ27441G1DataVoltageBatteryGetFloat</name>
         <load_address>0x22b8</load_address>
         <run_address>0x22b8</run_address>
         <size>0x2c</size>
         <input_file_ref idref="fl-6"/>
      </object_component>
      <object_component id="oc-262">
         <name>.text:UARTFlushRx</name>
         <load_address>0x22e4</load_address>
         <run_address>0x22e4</run_address>
         <size>0x2c</size>
         <input_file_ref idref="fl-8"/>
      </object_component>
      <object_component id="oc-27b">
         <name>.text:GPIODirModeSet</name>
         <load_address>0x2310</load_address>
         <run_address>0x2310</run_address>
         <size>0x2a</size>
         <input_file_ref idref="fl-143"/>
      </object_component>
      <object_component id="oc-15f">
         <name>.text:I2CMStateReadFirst</name>
         <load_address>0x233a</load_address>
         <run_address>0x233a</run_address>
         <size>0x2a</size>
         <input_file_ref idref="fl-145"/>
      </object_component>
      <object_component id="oc-1c3">
         <name>.text:BQ27441G1Init</name>
         <load_address>0x2364</load_address>
         <run_address>0x2364</run_address>
         <size>0x20</size>
         <input_file_ref idref="fl-6"/>
      </object_component>
      <object_component id="oc-165">
         <name>.text:I2CMStateReadOne</name>
         <load_address>0x2384</load_address>
         <run_address>0x2384</run_address>
         <size>0x20</size>
         <input_file_ref idref="fl-145"/>
      </object_component>
      <object_component id="oc-239">
         <name>.text:_SysCtlMemTimingGet</name>
         <load_address>0x23a4</load_address>
         <run_address>0x23a4</run_address>
         <size>0x1c</size>
         <input_file_ref idref="fl-141"/>
      </object_component>
      <object_component id="oc-1b1">
         <name>.text:UARTprintf</name>
         <load_address>0x23c0</load_address>
         <run_address>0x23c0</run_address>
         <size>0x1a</size>
         <input_file_ref idref="fl-8"/>
      </object_component>
      <object_component id="oc-1db">
         <name>.text:BQ27441G1AppCallback</name>
         <load_address>0x23dc</load_address>
         <run_address>0x23dc</run_address>
         <size>0x18</size>
         <input_file_ref idref="fl-2"/>
      </object_component>
      <object_component id="oc-147">
         <name>.text:I2CMStateReadWait</name>
         <load_address>0x23f4</load_address>
         <run_address>0x23f4</run_address>
         <size>0x18</size>
         <input_file_ref idref="fl-145"/>
      </object_component>
      <object_component id="oc-ae">
         <name>.text:IsBufferFull</name>
         <load_address>0x240c</load_address>
         <run_address>0x240c</run_address>
         <size>0x18</size>
         <input_file_ref idref="fl-8"/>
      </object_component>
      <object_component id="oc-88">
         <name>.text</name>
         <load_address>0x2424</load_address>
         <run_address>0x2424</run_address>
         <size>0x18</size>
         <input_file_ref idref="fl-13d"/>
      </object_component>
      <object_component id="oc-2fd">
         <name>.text</name>
         <load_address>0x243c</load_address>
         <run_address>0x243c</run_address>
         <size>0x18</size>
         <input_file_ref idref="fl-13a"/>
      </object_component>
      <object_component id="oc-36c">
         <name>.text:UARTRxBytesAvail</name>
         <load_address>0x2454</load_address>
         <run_address>0x2454</run_address>
         <size>0x14</size>
         <input_file_ref idref="fl-8"/>
      </object_component>
      <object_component id="oc-1e9">
         <name>.text</name>
         <load_address>0x2468</load_address>
         <run_address>0x2468</run_address>
         <size>0x14</size>
         <input_file_ref idref="fl-13c"/>
      </object_component>
      <object_component id="oc-25b">
         <name>.text:GPIOPinTypeEthernetLED</name>
         <load_address>0x247c</load_address>
         <run_address>0x247c</run_address>
         <size>0x12</size>
         <input_file_ref idref="fl-143"/>
      </object_component>
      <object_component id="oc-1b7">
         <name>.text:GPIOPinTypeI2CSCL</name>
         <load_address>0x248e</load_address>
         <run_address>0x248e</run_address>
         <size>0x12</size>
         <input_file_ref idref="fl-143"/>
      </object_component>
      <object_component id="oc-2f5">
         <name>.text:GetBufferCount</name>
         <load_address>0x24a0</load_address>
         <run_address>0x24a0</run_address>
         <size>0x12</size>
         <input_file_ref idref="fl-8"/>
      </object_component>
      <object_component id="oc-39d">
         <name>.text:BQ27441G1DataTemperatureInternalGetRaw</name>
         <load_address>0x24b2</load_address>
         <run_address>0x24b2</run_address>
         <size>0x10</size>
         <input_file_ref idref="fl-6"/>
      </object_component>
      <object_component id="oc-a2">
         <name>.text:IsBufferEmpty</name>
         <load_address>0x24c2</load_address>
         <run_address>0x24c2</run_address>
         <size>0xe</size>
         <input_file_ref idref="fl-8"/>
      </object_component>
      <object_component id="oc-12">
         <name>.text:decompress:none</name>
         <load_address>0x24d0</load_address>
         <run_address>0x24d0</run_address>
         <size>0xe</size>
         <input_file_ref idref="fl-132"/>
      </object_component>
      <object_component id="oc-388">
         <name>.text:BQ27441G1DataCapacityFullAvailableGetRaw</name>
         <load_address>0x24de</load_address>
         <run_address>0x24de</run_address>
         <size>0xc</size>
         <input_file_ref idref="fl-6"/>
      </object_component>
      <object_component id="oc-38f">
         <name>.text:BQ27441G1DataCapacityRemainingGetRaw</name>
         <load_address>0x24ea</load_address>
         <run_address>0x24ea</run_address>
         <size>0xc</size>
         <input_file_ref idref="fl-6"/>
      </object_component>
      <object_component id="oc-3a4">
         <name>.text:BQ27441G1DataCurrentAverageGetRaw</name>
         <load_address>0x24f6</load_address>
         <run_address>0x24f6</run_address>
         <size>0xc</size>
         <input_file_ref idref="fl-6"/>
      </object_component>
      <object_component id="oc-3ac">
         <name>.text:BQ27441G1DataCurrentStandbyGetRaw</name>
         <load_address>0x2502</load_address>
         <run_address>0x2502</run_address>
         <size>0xc</size>
         <input_file_ref idref="fl-6"/>
      </object_component>
      <object_component id="oc-396">
         <name>.text:BQ27441G1DataVoltageBatteryGetRaw</name>
         <load_address>0x250e</load_address>
         <run_address>0x250e</run_address>
         <size>0xc</size>
         <input_file_ref idref="fl-6"/>
      </object_component>
      <object_component id="oc-4e">
         <name>.text:BQ27441G1I2CIntHandler</name>
         <load_address>0x251c</load_address>
         <run_address>0x251c</run_address>
         <size>0xc</size>
         <input_file_ref idref="fl-2"/>
      </object_component>
      <object_component id="oc-3bf">
         <name>.text:IntTrigger</name>
         <load_address>0x2528</load_address>
         <run_address>0x2528</run_address>
         <size>0xc</size>
         <input_file_ref idref="fl-142"/>
      </object_component>
      <object_component id="oc-1e">
         <name>.text:decompress:ZI</name>
         <load_address>0x2534</load_address>
         <run_address>0x2534</run_address>
         <size>0xc</size>
         <input_file_ref idref="fl-134"/>
      </object_component>
      <object_component id="oc-2e6">
         <name>.text:I2CMasterEnable</name>
         <load_address>0x2540</load_address>
         <run_address>0x2540</run_address>
         <size>0xa</size>
         <input_file_ref idref="fl-146"/>
      </object_component>
      <object_component id="oc-135">
         <name>.text:I2CMasterIntClear</name>
         <load_address>0x254a</load_address>
         <run_address>0x254a</run_address>
         <size>0x8</size>
         <input_file_ref idref="fl-146"/>
      </object_component>
      <object_component id="oc-28e">
         <name>.text:I2CMasterIntEnableEx</name>
         <load_address>0x2552</load_address>
         <run_address>0x2552</run_address>
         <size>0x8</size>
         <input_file_ref idref="fl-146"/>
      </object_component>
      <object_component id="oc-214">
         <name>.text:I2CMasterSlaveAddrSet</name>
         <load_address>0x255a</load_address>
         <run_address>0x255a</run_address>
         <size>0x8</size>
         <input_file_ref idref="fl-146"/>
      </object_component>
      <object_component id="oc-126">
         <name>.text:GPIOPinRead</name>
         <load_address>0x2562</load_address>
         <run_address>0x2562</run_address>
         <size>0x6</size>
         <input_file_ref idref="fl-143"/>
      </object_component>
      <object_component id="oc-12e">
         <name>.text:GPIOPinWrite</name>
         <load_address>0x2568</load_address>
         <run_address>0x2568</run_address>
         <size>0x6</size>
         <input_file_ref idref="fl-143"/>
      </object_component>
      <object_component id="oc-2a">
         <name>.text:ResetISR</name>
         <load_address>0x256e</load_address>
         <run_address>0x256e</run_address>
         <size>0x6</size>
         <input_file_ref idref="fl-3"/>
      </object_component>
      <object_component id="oc-18">
         <name>.text:decompress:rle24</name>
         <load_address>0x2574</load_address>
         <run_address>0x2574</run_address>
         <size>0x6</size>
         <input_file_ref idref="fl-133"/>
      </object_component>
      <object_component id="oc-13b">
         <name>.text:I2CMasterControl</name>
         <load_address>0x257a</load_address>
         <run_address>0x257a</run_address>
         <size>0x4</size>
         <input_file_ref idref="fl-146"/>
      </object_component>
      <object_component id="oc-20a">
         <name>.text:I2CMasterDataGet</name>
         <load_address>0x257e</load_address>
         <run_address>0x257e</run_address>
         <size>0x4</size>
         <input_file_ref idref="fl-146"/>
      </object_component>
      <object_component id="oc-21c">
         <name>.text:I2CMasterDataPut</name>
         <load_address>0x2582</load_address>
         <run_address>0x2582</run_address>
         <size>0x4</size>
         <input_file_ref idref="fl-146"/>
      </object_component>
      <object_component id="oc-7c">
         <name>.text</name>
         <load_address>0x2586</load_address>
         <run_address>0x2586</run_address>
         <size>0x4</size>
         <input_file_ref idref="fl-138"/>
      </object_component>
      <object_component id="oc-248">
         <name>.const:g_pppui32XTALtoVCO</name>
         <load_address>0x258c</load_address>
         <run_address>0x258c</run_address>
         <size>0x120</size>
         <input_file_ref idref="fl-141"/>
      </object_component>
      <object_component id="oc-320">
         <name>.const:.string</name>
         <load_address>0x26ac</load_address>
         <run_address>0x26ac</run_address>
         <size>0x102</size>
         <input_file_ref idref="fl-2"/>
      </object_component>
      <object_component id="oc-2ed">
         <name>.const</name>
         <load_address>0x27b0</load_address>
         <run_address>0x27b0</run_address>
         <size>0x70</size>
         <input_file_ref idref="fl-142"/>
      </object_component>
      <object_component id="oc-245">
         <name>.const:g_pui32Xtals</name>
         <load_address>0x2820</load_address>
         <run_address>0x2820</run_address>
         <size>0x6c</size>
         <input_file_ref idref="fl-141"/>
      </object_component>
      <object_component id="oc-2c9">
         <name>.const:g_sXTALtoMEMTIM</name>
         <load_address>0x288c</load_address>
         <run_address>0x288c</run_address>
         <size>0x30</size>
         <input_file_ref idref="fl-141"/>
      </object_component>
      <object_component id="oc-116">
         <name>.const</name>
         <load_address>0x28bc</load_address>
         <run_address>0x28bc</run_address>
         <size>0x28</size>
         <input_file_ref idref="fl-8"/>
      </object_component>
      <object_component id="oc-1f7">
         <name>.const:.string</name>
         <load_address>0x28e4</load_address>
         <run_address>0x28e4</run_address>
         <size>0x12</size>
         <input_file_ref idref="fl-8"/>
      </object_component>
      <object_component id="oc-24b">
         <name>.const</name>
         <load_address>0x28f8</load_address>
         <run_address>0x28f8</run_address>
         <size>0x8</size>
         <input_file_ref idref="fl-141"/>
      </object_component>
      <object_component id="oc-3f3">
         <name>.cinit..data.load</name>
         <load_address>0x2900</load_address>
         <run_address>0x2900</run_address>
         <size>0x70</size>
      </object_component>
      <object_component id="oc-3f1">
         <name>__TI_handler_table</name>
         <load_address>0x2970</load_address>
         <run_address>0x2970</run_address>
         <size>0xc</size>
      </object_component>
      <object_component id="oc-3f4">
         <name>.cinit..bss.load</name>
         <load_address>0x2980</load_address>
         <run_address>0x2980</run_address>
         <size>0x8</size>
      </object_component>
      <object_component id="oc-3f2">
         <name>__TI_cinit_table</name>
         <load_address>0x2988</load_address>
         <run_address>0x2988</run_address>
         <size>0x10</size>
      </object_component>
      <object_component id="oc-29">
         <name>.stack</name>
         <uninitialized>true</uninitialized>
         <run_address>0x20000664</run_address>
         <size>0x0</size>
         <input_file_ref idref="fl-131"/>
      </object_component>
      <object_component id="oc-3f5">
         <name>.stack</name>
         <uninitialized>true</uninitialized>
         <run_address>0x20000664</run_address>
         <size>0x0</size>
      </object_component>
      <object_component id="oc-db">
         <name>.bss:g_sI2CInst</name>
         <uninitialized>true</uninitialized>
         <run_address>0x20000400</run_address>
         <size>0x124</size>
         <input_file_ref idref="fl-2"/>
      </object_component>
      <object_component id="oc-1d8">
         <name>.bss:g_sBQ27441G1Inst</name>
         <uninitialized>true</uninitialized>
         <run_address>0x200005a4</run_address>
         <size>0x48</size>
         <input_file_ref idref="fl-2"/>
      </object_component>
      <object_component id="oc-2ac">
         <name>.bss:g_cCmdBuf</name>
         <uninitialized>true</uninitialized>
         <run_address>0x200005ec</run_address>
         <size>0x40</size>
         <input_file_ref idref="fl-2"/>
      </object_component>
      <object_component id="oc-303">
         <name>.bss:g_ppcArgv</name>
         <uninitialized>true</uninitialized>
         <run_address>0x2000062c</run_address>
         <size>0x24</size>
         <input_file_ref idref="fl-7"/>
      </object_component>
      <object_component id="oc-119">
         <name>.bss:g_pcUARTTxBuffer</name>
         <uninitialized>true</uninitialized>
         <run_address>0x20000000</run_address>
         <size>0x400</size>
         <input_file_ref idref="fl-8"/>
      </object_component>
      <object_component id="oc-ba">
         <name>.bss:g_pcUARTRxBuffer</name>
         <uninitialized>true</uninitialized>
         <run_address>0x20000524</run_address>
         <size>0x80</size>
         <input_file_ref idref="fl-8"/>
      </object_component>
      <object_component id="oc-1d5">
         <name>.common:g_ui32SysClock</name>
         <uninitialized>true</uninitialized>
         <run_address>0x20000654</run_address>
         <size>0x4</size>
      </object_component>
      <object_component id="oc-298">
         <name>.common:g_vui8DataFlag</name>
         <uninitialized>true</uninitialized>
         <run_address>0x20000658</run_address>
         <size>0x4</size>
      </object_component>
      <object_component id="oc-297">
         <name>.common:g_vui8ErrorFlag</name>
         <uninitialized>true</uninitialized>
         <run_address>0x2000065c</run_address>
         <size>0x4</size>
      </object_component>
      <object_component id="oc-b7">
         <name>.common:g_bDisableEcho</name>
         <uninitialized>true</uninitialized>
         <run_address>0x20000660</run_address>
         <size>0x1</size>
      </object_component>
      <object_component id="oc-115">
         <name>.common:g_ui32PortNum</name>
         <uninitialized>true</uninitialized>
         <run_address>0x20000650</run_address>
         <size>0x4</size>
      </object_component>
      <object_component id="oc-306">
         <name>.data:g_psCmdTable</name>
         <load_address>0x20000a64</load_address>
         <run_address>0x20000a64</run_address>
         <size>0x6c</size>
         <input_file_ref idref="fl-2"/>
      </object_component>
      <object_component id="oc-b4">
         <name>.data</name>
         <load_address>0x20000ad0</load_address>
         <run_address>0x20000ad0</run_address>
         <size>0x15</size>
         <input_file_ref idref="fl-8"/>
      </object_component>
      <object_component id="oc-10d">
         <name>.data</name>
         <load_address>0x20000af0</load_address>
         <run_address>0x20000af0</run_address>
         <size>0x8</size>
         <input_file_ref idref="fl-135"/>
      </object_component>
      <object_component id="oc-94">
         <name>.data</name>
         <load_address>0x20000af8</load_address>
         <run_address>0x20000af8</run_address>
         <size>0x4</size>
         <input_file_ref idref="fl-139"/>
      </object_component>
      <object_component id="oc-10a">
         <name>.data</name>
         <load_address>0x20000ae8</load_address>
         <run_address>0x20000ae8</run_address>
         <size>0x8</size>
         <input_file_ref idref="fl-13c"/>
      </object_component>
      <object_component id="oc-1d6">
         <name>.debug_info</name>
         <load_address>0x0</load_address>
         <run_address>0x0</run_address>
         <size>0x917</size>
         <input_file_ref idref="fl-2"/>
      </object_component>
      <object_component id="oc-dc">
         <name>.debug_info</name>
         <load_address>0x917</load_address>
         <run_address>0x917</run_address>
         <size>0xf5</size>
         <input_file_ref idref="fl-2"/>
      </object_component>
      <object_component id="oc-1d9">
         <name>.debug_info</name>
         <load_address>0xa0c</load_address>
         <run_address>0xa0c</run_address>
         <size>0x101</size>
         <input_file_ref idref="fl-2"/>
      </object_component>
      <object_component id="oc-2ad">
         <name>.debug_info</name>
         <load_address>0xb0d</load_address>
         <run_address>0xb0d</run_address>
         <size>0xf2</size>
         <input_file_ref idref="fl-2"/>
      </object_component>
      <object_component id="oc-307">
         <name>.debug_info</name>
         <load_address>0xbff</load_address>
         <run_address>0xbff</run_address>
         <size>0xfa</size>
         <input_file_ref idref="fl-2"/>
      </object_component>
      <object_component id="oc-1cb">
         <name>.debug_info</name>
         <load_address>0xcf9</load_address>
         <run_address>0xcf9</run_address>
         <size>0x1b6</size>
         <input_file_ref idref="fl-2"/>
      </object_component>
      <object_component id="oc-1d1">
         <name>.debug_info</name>
         <load_address>0xeaf</load_address>
         <run_address>0xeaf</run_address>
         <size>0x1d8</size>
         <input_file_ref idref="fl-2"/>
      </object_component>
      <object_component id="oc-1dd">
         <name>.debug_info</name>
         <load_address>0x1087</load_address>
         <run_address>0x1087</run_address>
         <size>0x1ac</size>
         <input_file_ref idref="fl-2"/>
      </object_component>
      <object_component id="oc-329">
         <name>.debug_info</name>
         <load_address>0x1233</load_address>
         <run_address>0x1233</run_address>
         <size>0x4be</size>
         <input_file_ref idref="fl-2"/>
      </object_component>
      <object_component id="oc-323">
         <name>.debug_info</name>
         <load_address>0x16f1</load_address>
         <run_address>0x16f1</run_address>
         <size>0x1a4</size>
         <input_file_ref idref="fl-2"/>
      </object_component>
      <object_component id="oc-32f">
         <name>.debug_info</name>
         <load_address>0x1895</load_address>
         <run_address>0x1895</run_address>
         <size>0x2a5</size>
         <input_file_ref idref="fl-2"/>
      </object_component>
      <object_component id="oc-334">
         <name>.debug_info</name>
         <load_address>0x1b3a</load_address>
         <run_address>0x1b3a</run_address>
         <size>0x292</size>
         <input_file_ref idref="fl-2"/>
      </object_component>
      <object_component id="oc-33a">
         <name>.debug_info</name>
         <load_address>0x1dcc</load_address>
         <run_address>0x1dcc</run_address>
         <size>0x273</size>
         <input_file_ref idref="fl-2"/>
      </object_component>
      <object_component id="oc-103">
         <name>.debug_info</name>
         <load_address>0x203f</load_address>
         <run_address>0x203f</run_address>
         <size>0x28b</size>
         <input_file_ref idref="fl-2"/>
      </object_component>
      <object_component id="oc-49">
         <name>.debug_info</name>
         <load_address>0x22ca</load_address>
         <run_address>0x22ca</run_address>
         <size>0x18d</size>
         <input_file_ref idref="fl-2"/>
      </object_component>
      <object_component id="oc-4f">
         <name>.debug_info</name>
         <load_address>0x2457</load_address>
         <run_address>0x2457</run_address>
         <size>0x15f</size>
         <input_file_ref idref="fl-2"/>
      </object_component>
      <object_component id="oc-18c">
         <name>.debug_info</name>
         <load_address>0x25b6</load_address>
         <run_address>0x25b6</run_address>
         <size>0x4e6</size>
         <input_file_ref idref="fl-2"/>
      </object_component>
      <object_component id="oc-2b2">
         <name>.debug_info</name>
         <load_address>0x2a9c</load_address>
         <run_address>0x2a9c</run_address>
         <size>0x11c</size>
         <input_file_ref idref="fl-2"/>
      </object_component>
      <object_component id="oc-2b7">
         <name>.debug_info</name>
         <load_address>0x2bb8</load_address>
         <run_address>0x2bb8</run_address>
         <size>0x7f</size>
         <input_file_ref idref="fl-2"/>
      </object_component>
      <object_component id="oc-be">
         <name>.debug_info</name>
         <load_address>0x2c37</load_address>
         <run_address>0x2c37</run_address>
         <size>0x8b</size>
         <input_file_ref idref="fl-2"/>
      </object_component>
      <object_component id="oc-c3">
         <name>.debug_info</name>
         <load_address>0x2cc2</load_address>
         <run_address>0x2cc2</run_address>
         <size>0x18b</size>
         <input_file_ref idref="fl-2"/>
      </object_component>
      <object_component id="oc-276">
         <name>.debug_info</name>
         <load_address>0x2e4d</load_address>
         <run_address>0x2e4d</run_address>
         <size>0x4e</size>
         <input_file_ref idref="fl-2"/>
      </object_component>
      <object_component id="oc-56">
         <name>.debug_info</name>
         <load_address>0x2e9b</load_address>
         <run_address>0x2e9b</run_address>
         <size>0x19d</size>
         <input_file_ref idref="fl-3"/>
      </object_component>
      <object_component id="oc-10">
         <name>.debug_info</name>
         <load_address>0x3038</load_address>
         <run_address>0x3038</run_address>
         <size>0xf4</size>
         <input_file_ref idref="fl-3"/>
      </object_component>
      <object_component id="oc-2e">
         <name>.debug_info</name>
         <load_address>0x312c</load_address>
         <run_address>0x312c</run_address>
         <size>0x124</size>
         <input_file_ref idref="fl-3"/>
      </object_component>
      <object_component id="oc-34">
         <name>.debug_info</name>
         <load_address>0x3250</load_address>
         <run_address>0x3250</run_address>
         <size>0x112</size>
         <input_file_ref idref="fl-3"/>
      </object_component>
      <object_component id="oc-3d">
         <name>.debug_info</name>
         <load_address>0x3362</load_address>
         <run_address>0x3362</run_address>
         <size>0x12d</size>
         <input_file_ref idref="fl-3"/>
      </object_component>
      <object_component id="oc-38">
         <name>.debug_info</name>
         <load_address>0x348f</load_address>
         <run_address>0x348f</run_address>
         <size>0x119</size>
         <input_file_ref idref="fl-3"/>
      </object_component>
      <object_component id="oc-e1">
         <name>.debug_info</name>
         <load_address>0x35a8</load_address>
         <run_address>0x35a8</run_address>
         <size>0x84</size>
         <input_file_ref idref="fl-3"/>
      </object_component>
      <object_component id="oc-12d">
         <name>.debug_info</name>
         <load_address>0x362c</load_address>
         <run_address>0x362c</run_address>
         <size>0x212</size>
         <input_file_ref idref="fl-5"/>
      </object_component>
      <object_component id="oc-1a7">
         <name>.debug_info</name>
         <load_address>0x383e</load_address>
         <run_address>0x383e</run_address>
         <size>0x377</size>
         <input_file_ref idref="fl-5"/>
      </object_component>
      <object_component id="oc-d1">
         <name>.debug_info</name>
         <load_address>0x3bb5</load_address>
         <run_address>0x3bb5</run_address>
         <size>0x2a7</size>
         <input_file_ref idref="fl-5"/>
      </object_component>
      <object_component id="oc-cb">
         <name>.debug_info</name>
         <load_address>0x3e5c</load_address>
         <run_address>0x3e5c</run_address>
         <size>0x26a</size>
         <input_file_ref idref="fl-5"/>
      </object_component>
      <object_component id="oc-296">
         <name>.debug_info</name>
         <load_address>0x40c6</load_address>
         <run_address>0x40c6</run_address>
         <size>0x32e</size>
         <input_file_ref idref="fl-6"/>
      </object_component>
      <object_component id="oc-382">
         <name>.debug_info</name>
         <load_address>0x43f4</load_address>
         <run_address>0x43f4</run_address>
         <size>0x21c</size>
         <input_file_ref idref="fl-6"/>
      </object_component>
      <object_component id="oc-1c4">
         <name>.debug_info</name>
         <load_address>0x4610</load_address>
         <run_address>0x4610</run_address>
         <size>0x295</size>
         <input_file_ref idref="fl-6"/>
      </object_component>
      <object_component id="oc-397">
         <name>.debug_info</name>
         <load_address>0x48a5</load_address>
         <run_address>0x48a5</run_address>
         <size>0x1ee</size>
         <input_file_ref idref="fl-6"/>
      </object_component>
      <object_component id="oc-35a">
         <name>.debug_info</name>
         <load_address>0x4a93</load_address>
         <run_address>0x4a93</run_address>
         <size>0x215</size>
         <input_file_ref idref="fl-6"/>
      </object_component>
      <object_component id="oc-39e">
         <name>.debug_info</name>
         <load_address>0x4ca8</load_address>
         <run_address>0x4ca8</run_address>
         <size>0x1f8</size>
         <input_file_ref idref="fl-6"/>
      </object_component>
      <object_component id="oc-360">
         <name>.debug_info</name>
         <load_address>0x4ea0</load_address>
         <run_address>0x4ea0</run_address>
         <size>0x224</size>
         <input_file_ref idref="fl-6"/>
      </object_component>
      <object_component id="oc-348">
         <name>.debug_info</name>
         <load_address>0x50c4</load_address>
         <run_address>0x50c4</run_address>
         <size>0x23a</size>
         <input_file_ref idref="fl-6"/>
      </object_component>
      <object_component id="oc-3ad">
         <name>.debug_info</name>
         <load_address>0x52fe</load_address>
         <run_address>0x52fe</run_address>
         <size>0x1ee</size>
         <input_file_ref idref="fl-6"/>
      </object_component>
      <object_component id="oc-375">
         <name>.debug_info</name>
         <load_address>0x54ec</load_address>
         <run_address>0x54ec</run_address>
         <size>0x215</size>
         <input_file_ref idref="fl-6"/>
      </object_component>
      <object_component id="oc-3a5">
         <name>.debug_info</name>
         <load_address>0x5701</load_address>
         <run_address>0x5701</run_address>
         <size>0x1ee</size>
         <input_file_ref idref="fl-6"/>
      </object_component>
      <object_component id="oc-366">
         <name>.debug_info</name>
         <load_address>0x58ef</load_address>
         <run_address>0x58ef</run_address>
         <size>0x215</size>
         <input_file_ref idref="fl-6"/>
      </object_component>
      <object_component id="oc-390">
         <name>.debug_info</name>
         <load_address>0x5b04</load_address>
         <run_address>0x5b04</run_address>
         <size>0x1f4</size>
         <input_file_ref idref="fl-6"/>
      </object_component>
      <object_component id="oc-354">
         <name>.debug_info</name>
         <load_address>0x5cf8</load_address>
         <run_address>0x5cf8</run_address>
         <size>0x21e</size>
         <input_file_ref idref="fl-6"/>
      </object_component>
      <object_component id="oc-389">
         <name>.debug_info</name>
         <load_address>0x5f16</load_address>
         <run_address>0x5f16</run_address>
         <size>0x1fc</size>
         <input_file_ref idref="fl-6"/>
      </object_component>
      <object_component id="oc-34e">
         <name>.debug_info</name>
         <load_address>0x6112</load_address>
         <run_address>0x6112</run_address>
         <size>0x22a</size>
         <input_file_ref idref="fl-6"/>
      </object_component>
      <object_component id="oc-30a">
         <name>.debug_info</name>
         <load_address>0x633c</load_address>
         <run_address>0x633c</run_address>
         <size>0x17b</size>
         <input_file_ref idref="fl-7"/>
      </object_component>
      <object_component id="oc-304">
         <name>.debug_info</name>
         <load_address>0x64b7</load_address>
         <run_address>0x64b7</run_address>
         <size>0xfa</size>
         <input_file_ref idref="fl-7"/>
      </object_component>
      <object_component id="oc-2a7">
         <name>.debug_info</name>
         <load_address>0x65b1</load_address>
         <run_address>0x65b1</run_address>
         <size>0x1f8</size>
         <input_file_ref idref="fl-7"/>
      </object_component>
      <object_component id="oc-f1">
         <name>.debug_info</name>
         <load_address>0x67a9</load_address>
         <run_address>0x67a9</run_address>
         <size>0x2c</size>
         <input_file_ref idref="fl-7"/>
      </object_component>
      <object_component id="oc-b8">
         <name>.debug_info</name>
         <load_address>0x67d5</load_address>
         <run_address>0x67d5</run_address>
         <size>0x1a5</size>
         <input_file_ref idref="fl-8"/>
      </object_component>
      <object_component id="oc-11a">
         <name>.debug_info</name>
         <load_address>0x697a</load_address>
         <run_address>0x697a</run_address>
         <size>0x10a</size>
         <input_file_ref idref="fl-8"/>
      </object_component>
      <object_component id="oc-b5">
         <name>.debug_info</name>
         <load_address>0x6a84</load_address>
         <run_address>0x6a84</run_address>
         <size>0x1ea</size>
         <input_file_ref idref="fl-8"/>
      </object_component>
      <object_component id="oc-bb">
         <name>.debug_info</name>
         <load_address>0x6c6e</load_address>
         <run_address>0x6c6e</run_address>
         <size>0x10a</size>
         <input_file_ref idref="fl-8"/>
      </object_component>
      <object_component id="oc-117">
         <name>.debug_info</name>
         <load_address>0x6d78</load_address>
         <run_address>0x6d78</run_address>
         <size>0x17e</size>
         <input_file_ref idref="fl-8"/>
      </object_component>
      <object_component id="oc-af">
         <name>.debug_info</name>
         <load_address>0x6ef6</load_address>
         <run_address>0x6ef6</run_address>
         <size>0x232</size>
         <input_file_ref idref="fl-8"/>
      </object_component>
      <object_component id="oc-a3">
         <name>.debug_info</name>
         <load_address>0x7128</load_address>
         <run_address>0x7128</run_address>
         <size>0x202</size>
         <input_file_ref idref="fl-8"/>
      </object_component>
      <object_component id="oc-9d">
         <name>.debug_info</name>
         <load_address>0x732a</load_address>
         <run_address>0x732a</run_address>
         <size>0x1db</size>
         <input_file_ref idref="fl-8"/>
      </object_component>
      <object_component id="oc-a9">
         <name>.debug_info</name>
         <load_address>0x7505</load_address>
         <run_address>0x7505</run_address>
         <size>0x218</size>
         <input_file_ref idref="fl-8"/>
      </object_component>
      <object_component id="oc-270">
         <name>.debug_info</name>
         <load_address>0x771d</load_address>
         <run_address>0x771d</run_address>
         <size>0x2ff</size>
         <input_file_ref idref="fl-8"/>
      </object_component>
      <object_component id="oc-1b2">
         <name>.debug_info</name>
         <load_address>0x7a1c</load_address>
         <run_address>0x7a1c</run_address>
         <size>0x19a</size>
         <input_file_ref idref="fl-8"/>
      </object_component>
      <object_component id="oc-2a1">
         <name>.debug_info</name>
         <load_address>0x7bb6</load_address>
         <run_address>0x7bb6</run_address>
         <size>0x1db</size>
         <input_file_ref idref="fl-8"/>
      </object_component>
      <object_component id="oc-2f6">
         <name>.debug_info</name>
         <load_address>0x7d91</load_address>
         <run_address>0x7d91</run_address>
         <size>0x239</size>
         <input_file_ref idref="fl-8"/>
      </object_component>
      <object_component id="oc-43">
         <name>.debug_info</name>
         <load_address>0x7fca</load_address>
         <run_address>0x7fca</run_address>
         <size>0x296</size>
         <input_file_ref idref="fl-8"/>
      </object_component>
      <object_component id="oc-263">
         <name>.debug_info</name>
         <load_address>0x8260</load_address>
         <run_address>0x8260</run_address>
         <size>0x17f</size>
         <input_file_ref idref="fl-8"/>
      </object_component>
      <object_component id="oc-269">
         <name>.debug_info</name>
         <load_address>0x83df</load_address>
         <run_address>0x83df</run_address>
         <size>0x1cb</size>
         <input_file_ref idref="fl-8"/>
      </object_component>
      <object_component id="oc-1ad">
         <name>.debug_info</name>
         <load_address>0x85aa</load_address>
         <run_address>0x85aa</run_address>
         <size>0x270</size>
         <input_file_ref idref="fl-8"/>
      </object_component>
      <object_component id="oc-36e">
         <name>.debug_info</name>
         <load_address>0x881a</load_address>
         <run_address>0x881a</run_address>
         <size>0x178</size>
         <input_file_ref idref="fl-8"/>
      </object_component>
      <object_component id="oc-29c">
         <name>.debug_info</name>
         <load_address>0x8992</load_address>
         <run_address>0x8992</run_address>
         <size>0x1e4</size>
         <input_file_ref idref="fl-8"/>
      </object_component>
      <object_component id="oc-26">
         <name>.debug_info</name>
         <load_address>0x8b76</load_address>
         <run_address>0x8b76</run_address>
         <size>0x134</size>
         <input_file_ref idref="fl-131"/>
      </object_component>
      <object_component id="oc-62">
         <name>.debug_info</name>
         <load_address>0x8caa</load_address>
         <run_address>0x8caa</run_address>
         <size>0x121</size>
         <input_file_ref idref="fl-132"/>
      </object_component>
      <object_component id="oc-13">
         <name>.debug_info</name>
         <load_address>0x8dcb</load_address>
         <run_address>0x8dcb</run_address>
         <size>0x1c0</size>
         <input_file_ref idref="fl-132"/>
      </object_component>
      <object_component id="oc-5d">
         <name>.debug_info</name>
         <load_address>0x8f8b</load_address>
         <run_address>0x8f8b</run_address>
         <size>0x46</size>
         <input_file_ref idref="fl-132"/>
      </object_component>
      <object_component id="oc-e7">
         <name>.debug_info</name>
         <load_address>0x8fd1</load_address>
         <run_address>0x8fd1</run_address>
         <size>0x2c</size>
         <input_file_ref idref="fl-132"/>
      </object_component>
      <object_component id="oc-6a">
         <name>.debug_info</name>
         <load_address>0x8ffd</load_address>
         <run_address>0x8ffd</run_address>
         <size>0x115</size>
         <input_file_ref idref="fl-133"/>
      </object_component>
      <object_component id="oc-65">
         <name>.debug_info</name>
         <load_address>0x9112</load_address>
         <run_address>0x9112</run_address>
         <size>0x228</size>
         <input_file_ref idref="fl-133"/>
      </object_component>
      <object_component id="oc-19">
         <name>.debug_info</name>
         <load_address>0x933a</load_address>
         <run_address>0x933a</run_address>
         <size>0x192</size>
         <input_file_ref idref="fl-133"/>
      </object_component>
      <object_component id="oc-6b">
         <name>.debug_info</name>
         <load_address>0x94cc</load_address>
         <run_address>0x94cc</run_address>
         <size>0x39</size>
         <input_file_ref idref="fl-133"/>
      </object_component>
      <object_component id="oc-7b">
         <name>.debug_info</name>
         <load_address>0x9505</load_address>
         <run_address>0x9505</run_address>
         <size>0x110</size>
         <input_file_ref idref="fl-134"/>
      </object_component>
      <object_component id="oc-20">
         <name>.debug_info</name>
         <load_address>0x9615</load_address>
         <run_address>0x9615</run_address>
         <size>0x18b</size>
         <input_file_ref idref="fl-134"/>
      </object_component>
      <object_component id="oc-76">
         <name>.debug_info</name>
         <load_address>0x97a0</load_address>
         <run_address>0x97a0</run_address>
         <size>0x46</size>
         <input_file_ref idref="fl-134"/>
      </object_component>
      <object_component id="oc-111">
         <name>.debug_info</name>
         <load_address>0x97e6</load_address>
         <run_address>0x97e6</run_address>
         <size>0x172</size>
         <input_file_ref idref="fl-135"/>
      </object_component>
      <object_component id="oc-10e">
         <name>.debug_info</name>
         <load_address>0x9958</load_address>
         <run_address>0x9958</run_address>
         <size>0x117</size>
         <input_file_ref idref="fl-135"/>
      </object_component>
      <object_component id="oc-92">
         <name>.debug_info</name>
         <load_address>0x9a6f</load_address>
         <run_address>0x9a6f</run_address>
         <size>0x1ee</size>
         <input_file_ref idref="fl-135"/>
      </object_component>
      <object_component id="oc-59">
         <name>.debug_info</name>
         <load_address>0x9c5d</load_address>
         <run_address>0x9c5d</run_address>
         <size>0xf6</size>
         <input_file_ref idref="fl-136"/>
      </object_component>
      <object_component id="oc-71">
         <name>.debug_info</name>
         <load_address>0x9d53</load_address>
         <run_address>0x9d53</run_address>
         <size>0x124</size>
         <input_file_ref idref="fl-137"/>
      </object_component>
      <object_component id="oc-7f">
         <name>.debug_info</name>
         <load_address>0x9e77</load_address>
         <run_address>0x9e77</run_address>
         <size>0x129</size>
         <input_file_ref idref="fl-138"/>
      </object_component>
      <object_component id="oc-95">
         <name>.debug_info</name>
         <load_address>0x9fa0</load_address>
         <run_address>0x9fa0</run_address>
         <size>0xea</size>
         <input_file_ref idref="fl-139"/>
      </object_component>
      <object_component id="oc-31d">
         <name>.debug_info</name>
         <load_address>0xa08a</load_address>
         <run_address>0xa08a</run_address>
         <size>0xc6</size>
         <input_file_ref idref="fl-13a"/>
      </object_component>
      <object_component id="oc-2fe">
         <name>.debug_info</name>
         <load_address>0xa150</load_address>
         <run_address>0xa150</run_address>
         <size>0x225</size>
         <input_file_ref idref="fl-13a"/>
      </object_component>
      <object_component id="oc-2e0">
         <name>.debug_info</name>
         <load_address>0xa375</load_address>
         <run_address>0xa375</run_address>
         <size>0x11f</size>
         <input_file_ref idref="fl-13b"/>
      </object_component>
      <object_component id="oc-1f1">
         <name>.debug_info</name>
         <load_address>0xa494</load_address>
         <run_address>0xa494</run_address>
         <size>0x105</size>
         <input_file_ref idref="fl-13c"/>
      </object_component>
      <object_component id="oc-10b">
         <name>.debug_info</name>
         <load_address>0xa599</load_address>
         <run_address>0xa599</run_address>
         <size>0xf4</size>
         <input_file_ref idref="fl-13c"/>
      </object_component>
      <object_component id="oc-1ec">
         <name>.debug_info</name>
         <load_address>0xa68d</load_address>
         <run_address>0xa68d</run_address>
         <size>0x200</size>
         <input_file_ref idref="fl-13c"/>
      </object_component>
      <object_component id="oc-109">
         <name>.debug_info</name>
         <load_address>0xa88d</load_address>
         <run_address>0xa88d</run_address>
         <size>0x147</size>
         <input_file_ref idref="fl-13d"/>
      </object_component>
      <object_component id="oc-89">
         <name>.debug_info</name>
         <load_address>0xa9d4</load_address>
         <run_address>0xa9d4</run_address>
         <size>0x148</size>
         <input_file_ref idref="fl-13d"/>
      </object_component>
      <object_component id="oc-1e4">
         <name>.debug_info</name>
         <load_address>0xab1c</load_address>
         <run_address>0xab1c</run_address>
         <size>0x5e</size>
         <input_file_ref idref="fl-13d"/>
      </object_component>
      <object_component id="oc-101">
         <name>.debug_info</name>
         <load_address>0xab7a</load_address>
         <run_address>0xab7a</run_address>
         <size>0x29e</size>
         <input_file_ref idref="fl-13e"/>
      </object_component>
      <object_component id="oc-84">
         <name>.debug_info</name>
         <load_address>0xae18</load_address>
         <run_address>0xae18</run_address>
         <size>0x158</size>
         <input_file_ref idref="fl-13e"/>
      </object_component>
      <object_component id="oc-195">
         <name>.debug_info</name>
         <load_address>0xaf70</load_address>
         <run_address>0xaf70</run_address>
         <size>0x39</size>
         <input_file_ref idref="fl-13e"/>
      </object_component>
      <object_component id="oc-19a">
         <name>.debug_info</name>
         <load_address>0xafa9</load_address>
         <run_address>0xafa9</run_address>
         <size>0xcd</size>
         <input_file_ref idref="fl-13e"/>
      </object_component>
      <object_component id="oc-192">
         <name>.debug_info</name>
         <load_address>0xb076</load_address>
         <run_address>0xb076</run_address>
         <size>0x1c1</size>
         <input_file_ref idref="fl-13f"/>
      </object_component>
      <object_component id="oc-fe">
         <name>.debug_info</name>
         <load_address>0xb237</load_address>
         <run_address>0xb237</run_address>
         <size>0x164</size>
         <input_file_ref idref="fl-13f"/>
      </object_component>
      <object_component id="oc-234">
         <name>.debug_info</name>
         <load_address>0xb39b</load_address>
         <run_address>0xb39b</run_address>
         <size>0x2c</size>
         <input_file_ref idref="fl-13f"/>
      </object_component>
      <object_component id="oc-310">
         <name>.debug_info</name>
         <load_address>0xb3c7</load_address>
         <run_address>0xb3c7</run_address>
         <size>0x128</size>
         <input_file_ref idref="fl-140"/>
      </object_component>
      <object_component id="oc-254">
         <name>.debug_info</name>
         <load_address>0xb4ef</load_address>
         <run_address>0xb4ef</run_address>
         <size>0x226</size>
         <input_file_ref idref="fl-141"/>
      </object_component>
      <object_component id="oc-246">
         <name>.debug_info</name>
         <load_address>0xb715</load_address>
         <run_address>0xb715</run_address>
         <size>0xff</size>
         <input_file_ref idref="fl-141"/>
      </object_component>
      <object_component id="oc-249">
         <name>.debug_info</name>
         <load_address>0xb814</load_address>
         <run_address>0xb814</run_address>
         <size>0x10b</size>
         <input_file_ref idref="fl-141"/>
      </object_component>
      <object_component id="oc-2ca">
         <name>.debug_info</name>
         <load_address>0xb91f</load_address>
         <run_address>0xb91f</run_address>
         <size>0x105</size>
         <input_file_ref idref="fl-141"/>
      </object_component>
      <object_component id="oc-24c">
         <name>.debug_info</name>
         <load_address>0xba24</load_address>
         <run_address>0xba24</run_address>
         <size>0x112</size>
         <input_file_ref idref="fl-141"/>
      </object_component>
      <object_component id="oc-23a">
         <name>.debug_info</name>
         <load_address>0xbb36</load_address>
         <run_address>0xbb36</run_address>
         <size>0x264</size>
         <input_file_ref idref="fl-141"/>
      </object_component>
      <object_component id="oc-240">
         <name>.debug_info</name>
         <load_address>0xbd9a</load_address>
         <run_address>0xbd9a</run_address>
         <size>0x21e</size>
         <input_file_ref idref="fl-141"/>
      </object_component>
      <object_component id="oc-1a0">
         <name>.debug_info</name>
         <load_address>0xbfb8</load_address>
         <run_address>0xbfb8</run_address>
         <size>0x4c5</size>
         <input_file_ref idref="fl-141"/>
      </object_component>
      <object_component id="oc-2d6">
         <name>.debug_info</name>
         <load_address>0xc47d</load_address>
         <run_address>0xc47d</run_address>
         <size>0x5f</size>
         <input_file_ref idref="fl-141"/>
      </object_component>
      <object_component id="oc-24f">
         <name>.debug_info</name>
         <load_address>0xc4dc</load_address>
         <run_address>0xc4dc</run_address>
         <size>0x90</size>
         <input_file_ref idref="fl-141"/>
      </object_component>
      <object_component id="oc-1fd">
         <name>.debug_info</name>
         <load_address>0xc56c</load_address>
         <run_address>0xc56c</run_address>
         <size>0x18b</size>
         <input_file_ref idref="fl-141"/>
      </object_component>
      <object_component id="oc-2f1">
         <name>.debug_info</name>
         <load_address>0xc6f7</load_address>
         <run_address>0xc6f7</run_address>
         <size>0x1ba</size>
         <input_file_ref idref="fl-142"/>
      </object_component>
      <object_component id="oc-2ee">
         <name>.debug_info</name>
         <load_address>0xc8b1</load_address>
         <run_address>0xc8b1</run_address>
         <size>0x1c2</size>
         <input_file_ref idref="fl-142"/>
      </object_component>
      <object_component id="oc-3c0">
         <name>.debug_info</name>
         <load_address>0xca73</load_address>
         <run_address>0xca73</run_address>
         <size>0x1ce</size>
         <input_file_ref idref="fl-142"/>
      </object_component>
      <object_component id="oc-3b4">
         <name>.debug_info</name>
         <load_address>0xcc41</load_address>
         <run_address>0xcc41</run_address>
         <size>0x205</size>
         <input_file_ref idref="fl-142"/>
      </object_component>
      <object_component id="oc-289">
         <name>.debug_info</name>
         <load_address>0xce46</load_address>
         <run_address>0xce46</run_address>
         <size>0x1cc</size>
         <input_file_ref idref="fl-142"/>
      </object_component>
      <object_component id="oc-3ba">
         <name>.debug_info</name>
         <load_address>0xd012</load_address>
         <run_address>0xd012</run_address>
         <size>0x1ce</size>
         <input_file_ref idref="fl-142"/>
      </object_component>
      <object_component id="oc-202">
         <name>.debug_info</name>
         <load_address>0xd1e0</load_address>
         <run_address>0xd1e0</run_address>
         <size>0x1d7</size>
         <input_file_ref idref="fl-143"/>
      </object_component>
      <object_component id="oc-12f">
         <name>.debug_info</name>
         <load_address>0xd3b7</load_address>
         <run_address>0xd3b7</run_address>
         <size>0x207</size>
         <input_file_ref idref="fl-143"/>
      </object_component>
      <object_component id="oc-27c">
         <name>.debug_info</name>
         <load_address>0xd5be</load_address>
         <run_address>0xd5be</run_address>
         <size>0x217</size>
         <input_file_ref idref="fl-143"/>
      </object_component>
      <object_component id="oc-256">
         <name>.debug_info</name>
         <load_address>0xd7d5</load_address>
         <run_address>0xd7d5</run_address>
         <size>0x312</size>
         <input_file_ref idref="fl-143"/>
      </object_component>
      <object_component id="oc-1b8">
         <name>.debug_info</name>
         <load_address>0xdae7</load_address>
         <run_address>0xdae7</run_address>
         <size>0x1e3</size>
         <input_file_ref idref="fl-143"/>
      </object_component>
      <object_component id="oc-25c">
         <name>.debug_info</name>
         <load_address>0xdcca</load_address>
         <run_address>0xdcca</run_address>
         <size>0x1ed</size>
         <input_file_ref idref="fl-143"/>
      </object_component>
      <object_component id="oc-127">
         <name>.debug_info</name>
         <load_address>0xdeb7</load_address>
         <run_address>0xdeb7</run_address>
         <size>0x1df</size>
         <input_file_ref idref="fl-143"/>
      </object_component>
      <object_component id="oc-184">
         <name>.debug_info</name>
         <load_address>0xe096</load_address>
         <run_address>0xe096</run_address>
         <size>0x3f7</size>
         <input_file_ref idref="fl-145"/>
      </object_component>
      <object_component id="oc-37c">
         <name>.debug_info</name>
         <load_address>0xe48d</load_address>
         <run_address>0xe48d</run_address>
         <size>0x3e8</size>
         <input_file_ref idref="fl-145"/>
      </object_component>
      <object_component id="oc-142">
         <name>.debug_info</name>
         <load_address>0xe875</load_address>
         <run_address>0xe875</run_address>
         <size>0x273</size>
         <input_file_ref idref="fl-145"/>
      </object_component>
      <object_component id="oc-148">
         <name>.debug_info</name>
         <load_address>0xeae8</load_address>
         <run_address>0xeae8</run_address>
         <size>0x205</size>
         <input_file_ref idref="fl-145"/>
      </object_component>
      <object_component id="oc-14e">
         <name>.debug_info</name>
         <load_address>0xeced</load_address>
         <run_address>0xeced</run_address>
         <size>0x21e</size>
         <input_file_ref idref="fl-145"/>
      </object_component>
      <object_component id="oc-154">
         <name>.debug_info</name>
         <load_address>0xef0b</load_address>
         <run_address>0xef0b</run_address>
         <size>0x22b</size>
         <input_file_ref idref="fl-145"/>
      </object_component>
      <object_component id="oc-15a">
         <name>.debug_info</name>
         <load_address>0xf136</load_address>
         <run_address>0xf136</run_address>
         <size>0x229</size>
         <input_file_ref idref="fl-145"/>
      </object_component>
      <object_component id="oc-160">
         <name>.debug_info</name>
         <load_address>0xf35f</load_address>
         <run_address>0xf35f</run_address>
         <size>0x223</size>
         <input_file_ref idref="fl-145"/>
      </object_component>
      <object_component id="oc-166">
         <name>.debug_info</name>
         <load_address>0xf582</load_address>
         <run_address>0xf582</run_address>
         <size>0x21f</size>
         <input_file_ref idref="fl-145"/>
      </object_component>
      <object_component id="oc-16c">
         <name>.debug_info</name>
         <load_address>0xf7a1</load_address>
         <run_address>0xf7a1</run_address>
         <size>0x24e</size>
         <input_file_ref idref="fl-145"/>
      </object_component>
      <object_component id="oc-172">
         <name>.debug_info</name>
         <load_address>0xf9ef</load_address>
         <run_address>0xf9ef</run_address>
         <size>0x244</size>
         <input_file_ref idref="fl-145"/>
      </object_component>
      <object_component id="oc-178">
         <name>.debug_info</name>
         <load_address>0xfc33</load_address>
         <run_address>0xfc33</run_address>
         <size>0x22b</size>
         <input_file_ref idref="fl-145"/>
      </object_component>
      <object_component id="oc-17e">
         <name>.debug_info</name>
         <load_address>0xfe5e</load_address>
         <run_address>0xfe5e</run_address>
         <size>0x291</size>
         <input_file_ref idref="fl-145"/>
      </object_component>
      <object_component id="oc-d6">
         <name>.debug_info</name>
         <load_address>0x100ef</load_address>
         <run_address>0x100ef</run_address>
         <size>0x418</size>
         <input_file_ref idref="fl-145"/>
      </object_component>
      <object_component id="oc-1be">
         <name>.debug_info</name>
         <load_address>0x10507</load_address>
         <run_address>0x10507</run_address>
         <size>0x2b4</size>
         <input_file_ref idref="fl-145"/>
      </object_component>
      <object_component id="oc-22d">
         <name>.debug_info</name>
         <load_address>0x107bb</load_address>
         <run_address>0x107bb</run_address>
         <size>0x4e6</size>
         <input_file_ref idref="fl-145"/>
      </object_component>
      <object_component id="oc-228">
         <name>.debug_info</name>
         <load_address>0x10ca1</load_address>
         <run_address>0x10ca1</run_address>
         <size>0x90</size>
         <input_file_ref idref="fl-145"/>
      </object_component>
      <object_component id="oc-185">
         <name>.debug_info</name>
         <load_address>0x10d31</load_address>
         <run_address>0x10d31</run_address>
         <size>0x18b</size>
         <input_file_ref idref="fl-145"/>
      </object_component>
      <object_component id="oc-207">
         <name>.debug_info</name>
         <load_address>0x10ebc</load_address>
         <run_address>0x10ebc</run_address>
         <size>0x1d8</size>
         <input_file_ref idref="fl-146"/>
      </object_component>
      <object_component id="oc-215">
         <name>.debug_info</name>
         <load_address>0x11094</load_address>
         <run_address>0x11094</run_address>
         <size>0x232</size>
         <input_file_ref idref="fl-146"/>
      </object_component>
      <object_component id="oc-28f">
         <name>.debug_info</name>
         <load_address>0x112c6</load_address>
         <run_address>0x112c6</run_address>
         <size>0x1fe</size>
         <input_file_ref idref="fl-146"/>
      </object_component>
      <object_component id="oc-136">
         <name>.debug_info</name>
         <load_address>0x114c4</load_address>
         <run_address>0x114c4</run_address>
         <size>0x1b6</size>
         <input_file_ref idref="fl-146"/>
      </object_component>
      <object_component id="oc-2e7">
         <name>.debug_info</name>
         <load_address>0x1167a</load_address>
         <run_address>0x1167a</run_address>
         <size>0x1b2</size>
         <input_file_ref idref="fl-146"/>
      </object_component>
      <object_component id="oc-283">
         <name>.debug_info</name>
[...]
            </allocated_space>
            <available_space>
               <start_address>0x20000661</start_address>
               <size>0x3</size>
            </available_space>
            <allocated_space>
               <start_address>0x20000664</start_address>
               <size>0x400</size>
               <logical_group_ref idref="lg-d"/>
            </allocated_space>
            <allocated_space>
               <start_address>0x20000a64</start_address>
               <size>0x98</size>
               <logical_group_ref idref="lg-3d2"/>
            </allocated_space>
            <available_space>
               <start_address>0x20000afc</start_address>
               <size>0x3f504</size>
            </available_space>
         </usage_details>
      </memory_area>
   </placement_map>
   <cptbl_list>
      <cptbl>
         <name>__TI_cinit_table</name>
         <cprec>
            <name>.data</name>
            <load_address>0x2900</load_address>
            <load_size>0x70</load_size>
            <run_address>0x20000a64</run_address>
            <run_size>0x98</run_size>
            <compression>rle</compression>
         </cprec>
         <cprec>
            <name>.bss</name>
            <load_address>0x2980</load_address>
            <load_size>0x8</load_size>
            <run_address>0x20000000</run_address>
            <run_size>0x661</run_size>
            <compression>zero_init</compression>
         </cprec>
      </cptbl>
   </cptbl_list>
   <handler_table>
      <handler_table_name>__TI_handler_table</handler_table_name>
      <handler>
         <index>0x0</index>
         <name>__TI_decompress_rle24</name>
      </handler>
      <handler>
         <index>0x1</index>
         <name>__TI_decompress_none</name>
      </handler>
      <handler>
         <index>0x2</index>
         <name>__TI_zero_init</name>
      </handler>
   </handler_table>
   <symbol_table>
      <symbol id="sm-1">
         <name>__STACK_TOP</name>
         <value>0x20000a64</value>
      </symbol>
      <symbol id="sm-2">
         <name>__TI_CINIT_Base</name>
         <value>0x2988</value>
      </symbol>
      <symbol id="sm-3">
         <name>__TI_CINIT_Limit</name>
         <value>0x2998</value>
      </symbol>
      <symbol id="sm-4">
         <name>__TI_Handler_Table_Base</name>
         <value>0x2970</value>
      </symbol>
      <symbol id="sm-5">
         <name>__TI_Handler_Table_Limit</name>
         <value>0x297c</value>
      </symbol>
      <symbol id="sm-6">
         <name>binit</name>
         <value>0xffffffff</value>
      </symbol>
      <symbol id="sm-7">
         <name>__binit__</name>
         <value>0xffffffff</value>
      </symbol>
      <symbol id="sm-8">
         <name>__STACK_SIZE</name>
         <value>0x400</value>
      </symbol>
      <symbol id="sm-9">
         <name>__STACK_END</name>
         <value>0x20000a64</value>
      </symbol>
      <symbol id="sm-a">
         <name>__c_args__</name>
         <value>0xffffffff</value>
      </symbol>
      <symbol id="sm-141">
         <name>g_ui32SysClock</name>
         <value>0x20000654</value>
      </symbol>
      <symbol id="sm-142">
         <name>g_vui8DataFlag</name>
         <value>0x20000658</value>
      </symbol>
      <symbol id="sm-143">
         <name>g_vui8ErrorFlag</name>
         <value>0x2000065c</value>
      </symbol>
      <symbol id="sm-144">
         <name>BQ27441G1I2CIntHandler</name>
         <value>0x251d</value>
         <object_component_ref idref="oc-4e"/>
      </symbol>
      <symbol id="sm-145">
         <name>Cmd_status</name>
         <value>0x201</value>
         <object_component_ref idref="oc-327"/>
      </symbol>
      <symbol id="sm-146">
         <name>g_sBQ27441G1Inst</name>
         <value>0x200005a4</value>
         <object_component_ref idref="oc-1d8"/>
      </symbol>
      <symbol id="sm-147">
         <name>g_sI2CInst</name>
         <value>0x20000400</value>
         <object_component_ref idref="oc-db"/>
      </symbol>
      <symbol id="sm-148">
         <name>Cmd_volt</name>
         <value>0x10d1</value>
         <object_component_ref idref="oc-333"/>
      </symbol>
      <symbol id="sm-149">
         <name>CheckForUserCommands</name>
         <value>0x1395</value>
         <object_component_ref idref="oc-1cf"/>
      </symbol>
      <symbol id="sm-14a">
         <name>main</name>
         <value>0xa65</value>
         <object_component_ref idref="oc-102"/>
      </symbol>
      <symbol id="sm-14b">
         <name>BQ27441G1AppI2CWait</name>
         <value>0x12c1</value>
         <object_component_ref idref="oc-1c9"/>
      </symbol>
      <symbol id="sm-14c">
         <name>Cmd_current</name>
         <value>0xebd</value>
         <object_component_ref idref="oc-339"/>
      </symbol>
      <symbol id="sm-14d">
         <name>LEDBlinkIntHandler</name>
         <value>0x1d81</value>
         <object_component_ref idref="oc-48"/>
      </symbol>
      <symbol id="sm-14e">
         <name>Cmd_help</name>
         <value>0x1af9</value>
         <object_component_ref idref="oc-321"/>
      </symbol>
      <symbol id="sm-14f">
         <name>g_psCmdTable</name>
         <value>0x20000a64</value>
         <object_component_ref idref="oc-306"/>
      </symbol>
      <symbol id="sm-150">
         <name>BQ27441G1AppCallback</name>
         <value>0x23dd</value>
         <object_component_ref idref="oc-1db"/>
      </symbol>
      <symbol id="sm-151">
         <name>Cmd_temp</name>
         <value>0xfc9</value>
         <object_component_ref idref="oc-32d"/>
      </symbol>
      <symbol id="sm-187">
         <name>ResetISR</name>
         <value>0x256f</value>
         <object_component_ref idref="oc-2a"/>
      </symbol>
      <symbol id="sm-188">
         <name>g_pfnVectors</name>
         <value>0x0</value>
         <object_component_ref idref="oc-f"/>
      </symbol>
      <symbol id="sm-1c5">
         <name>LEDWrite</name>
         <value>0x18ed</value>
         <object_component_ref idref="oc-ce"/>
      </symbol>
      <symbol id="sm-1c6">
         <name>LEDRead</name>
         <value>0x1c19</value>
         <object_component_ref idref="oc-c8"/>
      </symbol>
      <symbol id="sm-1c7">
         <name>PinoutSet</name>
         <value>0x469</value>
         <object_component_ref idref="oc-1a5"/>
      </symbol>
      <symbol id="sm-25d">
         <name>BQ27441G1DataVoltageBatteryGetFloat</name>
         <value>0x22b9</value>
         <object_component_ref idref="oc-359"/>
      </symbol>
      <symbol id="sm-25e">
         <name>BQ27441G1DataCapacityRemainingGetRaw</name>
         <value>0x24eb</value>
         <object_component_ref idref="oc-38f"/>
      </symbol>
      <symbol id="sm-25f">
         <name>BQ27441G1DataCurrentAverageGetRaw</name>
         <value>0x24f7</value>
         <object_component_ref idref="oc-3a4"/>
      </symbol>
      <symbol id="sm-260">
         <name>BQ27441G1DataVoltageBatteryGetRaw</name>
         <value>0x250f</value>
         <object_component_ref idref="oc-396"/>
      </symbol>
      <symbol id="sm-261">
         <name>BQ27441G1DataRead</name>
         <value>0x1cd9</value>
         <object_component_ref idref="oc-347"/>
      </symbol>
      <symbol id="sm-262">
         <name>BQ27441G1DataCurrentStandbyGetRaw</name>
         <value>0x2503</value>
         <object_component_ref idref="oc-3ac"/>
      </symbol>
      <symbol id="sm-263">
         <name>BQ27441G1DataCurrentStandbyGetFloat</name>
         <value>0x228d</value>
         <object_component_ref idref="oc-374"/>
      </symbol>
      <symbol id="sm-264">
         <name>BQ27441G1Init</name>
         <value>0x2365</value>
         <object_component_ref idref="oc-1c3"/>
      </symbol>
      <symbol id="sm-265">
         <name>BQ27441G1DataCapacityRemainingGetFloat</name>
         <value>0x2235</value>
         <object_component_ref idref="oc-353"/>
      </symbol>
      <symbol id="sm-266">
         <name>BQ27441G1DataCapacityFullAvailableGetRaw</name>
         <value>0x24df</value>
         <object_component_ref idref="oc-388"/>
      </symbol>
      <symbol id="sm-267">
         <name>BQ27441G1DataCapacityFullAvailableGetFloat</name>
         <value>0x2209</value>
         <object_component_ref idref="oc-34d"/>
      </symbol>
      <symbol id="sm-268">
         <name>BQ27441G1DataTemperatureInternalGetRaw</name>
         <value>0x24b3</value>
         <object_component_ref idref="oc-39d"/>
      </symbol>
      <symbol id="sm-269">
         <name>BQ27441G1DataCurrentAverageGetFloat</name>
         <value>0x2261</value>
         <object_component_ref idref="oc-365"/>
      </symbol>
      <symbol id="sm-26a">
         <name>BQ27441G1DataTemperatureInternalGetFloat</name>
         <value>0x21a1</value>
         <object_component_ref idref="oc-35f"/>
      </symbol>
      <symbol id="sm-28e">
         <name>CmdLineProcess</name>
         <value>0x1a31</value>
         <object_component_ref idref="oc-2a6"/>
      </symbol>
      <symbol id="sm-3a5">
         <name>UARTFlushRx</name>
         <value>0x22e5</value>
         <object_component_ref idref="oc-262"/>
      </symbol>
      <symbol id="sm-3a6">
         <name>UARTgets</name>
         <value>0x1d2d</value>
         <object_component_ref idref="oc-2a0"/>
      </symbol>
      <symbol id="sm-3a7">
         <name>UARTFlushTx</name>
         <value>0x2165</value>
         <object_component_ref idref="oc-268"/>
      </symbol>
      <symbol id="sm-3a8">
         <name>UARTStdioConfig</name>
         <value>0x1449</value>
         <object_component_ref idref="oc-1ab"/>
      </symbol>
      <symbol id="sm-3a9">
         <name>UARTStdioIntHandler</name>
         <value>0xc2d</value>
         <object_component_ref idref="oc-42"/>
      </symbol>
      <symbol id="sm-3aa">
         <name>UARTRxBytesAvail</name>
         <value>0x2455</value>
         <object_component_ref idref="oc-36c"/>
      </symbol>
      <symbol id="sm-3ab">
         <name>UARTwrite</name>
         <value>0x14f9</value>
         <object_component_ref idref="oc-a8"/>
      </symbol>
      <symbol id="sm-3ac">
         <name>UARTPeek</name>
         <value>0x2021</value>
         <object_component_ref idref="oc-29a"/>
      </symbol>
      <symbol id="sm-3ad">
         <name>UARTprintf</name>
         <value>0x23c1</value>
         <object_component_ref idref="oc-1b1"/>
      </symbol>
      <symbol id="sm-3ae">
         <name>UARTvprintf</name>
         <value>0x879</value>
         <object_component_ref idref="oc-26f"/>
      </symbol>
      <symbol id="sm-3c1">
         <name>_c_int00</name>
         <value>0x1dd1</value>
         <object_component_ref idref="oc-24"/>
      </symbol>
      <symbol id="sm-3c2">
         <name>__stack</name>
         <value>0x20000664</value>
         <object_component_ref idref="oc-29"/>
      </symbol>
      <symbol id="sm-3d9">
         <name>__TI_decompress_none</name>
         <value>0x24d1</value>
         <object_component_ref idref="oc-12"/>
      </symbol>
      <symbol id="sm-3fc">
         <name>__TI_decompress_rle24</name>
         <value>0x2575</value>
         <object_component_ref idref="oc-18"/>
      </symbol>
      <symbol id="sm-40e">
         <name>__TI_zero_init</name>
         <value>0x2535</value>
         <object_component_ref idref="oc-1e"/>
      </symbol>
      <symbol id="sm-42d">
         <name>C$$EXIT</name>
         <value>0x2065</value>
         <object_component_ref idref="oc-8e"/>
      </symbol>
      <symbol id="sm-42e">
         <name>abort</name>
         <value>0x2069</value>
         <object_component_ref idref="oc-8e"/>
      </symbol>
      <symbol id="sm-42f">
         <name>exit</name>
         <value>0x2071</value>
         <object_component_ref idref="oc-8e"/>
      </symbol>
      <symbol id="sm-430">
         <name>__TI_dtors_ptr</name>
         <value>0x20000af4</value>
         <object_component_ref idref="oc-10d"/>
      </symbol>
      <symbol id="sm-431">
         <name>__TI_cleanup_ptr</name>
         <value>0x20000af0</value>
         <object_component_ref idref="oc-10d"/>
      </symbol>
      <symbol id="sm-44c">
         <name>memcpy</name>
         <value>0x15a1</value>
         <object_component_ref idref="oc-57"/>
      </symbol>
      <symbol id="sm-44d">
         <name>__aeabi_memcpy</name>
         <value>0x15a1</value>
         <object_component_ref idref="oc-57"/>
      </symbol>
      <symbol id="sm-44e">
         <name>__aeabi_memcpy8</name>
         <value>0x15a1</value>
         <object_component_ref idref="oc-57"/>
      </symbol>
      <symbol id="sm-44f">
         <name>__aeabi_memcpy4</name>
         <value>0x15a1</value>
         <object_component_ref idref="oc-57"/>
      </symbol>
      <symbol id="sm-45e">
         <name>__aeabi_memset</name>
         <value>0x1873</value>
         <object_component_ref idref="oc-70"/>
      </symbol>
      <symbol id="sm-45f">
         <name>memset</name>
         <value>0x1879</value>
         <object_component_ref idref="oc-70"/>
      </symbol>
      <symbol id="sm-460">
         <name>__aeabi_memset8</name>
         <value>0x1873</value>
         <object_component_ref idref="oc-70"/>
      </symbol>
      <symbol id="sm-461">
         <name>__aeabi_memset4</name>
         <value>0x1873</value>
         <object_component_ref idref="oc-70"/>
      </symbol>
      <symbol id="sm-462">
         <name>__aeabi_memclr8</name>
         <value>0x1871</value>
         <object_component_ref idref="oc-70"/>
      </symbol>
      <symbol id="sm-463">
         <name>__aeabi_memclr4</name>
         <value>0x1871</value>
         <object_component_ref idref="oc-70"/>
      </symbol>
      <symbol id="sm-464">
         <name>__aeabi_memclr</name>
         <value>0x1871</value>
         <object_component_ref idref="oc-70"/>
      </symbol>
      <symbol id="sm-46e">
         <name>_system_pre_init</name>
         <value>0x2587</value>
         <object_component_ref idref="oc-7c"/>
      </symbol>
      <symbol id="sm-476">
         <name>main_func_sp</name>
         <value>0x20000af8</value>
         <object_component_ref idref="oc-94"/>
      </symbol>
      <symbol id="sm-485">
         <name>strcmp</name>
         <value>0x243d</value>
         <object_component_ref idref="oc-2fd"/>
      </symbol>
      <symbol id="sm-497">
         <name>__aeabi_uidivmod</name>
         <value>0x20a9</value>
         <object_component_ref idref="oc-2df"/>
      </symbol>
      <symbol id="sm-498">
         <name>__aeabi_uidiv</name>
         <value>0x20a9</value>
         <object_component_ref idref="oc-2df"/>
      </symbol>
      <symbol id="sm-4b1">
         <name>_nop</name>
         <value>0x2477</value>
         <object_component_ref idref="oc-1e9"/>
      </symbol>
      <symbol id="sm-4b2">
         <name>_lock</name>
         <value>0x20000ae8</value>
         <object_component_ref idref="oc-10a"/>
      </symbol>
      <symbol id="sm-4b3">
         <name>_unlock</name>
         <value>0x20000aec</value>
         <object_component_ref idref="oc-10a"/>
      </symbol>
      <symbol id="sm-4b4">
         <name>_register_lock</name>
         <value>0x246f</value>
         <object_component_ref idref="oc-1e9"/>
      </symbol>
      <symbol id="sm-4b5">
         <name>_register_unlock</name>
         <value>0x2469</value>
         <object_component_ref idref="oc-1e9"/>
      </symbol>
      <symbol id="sm-4ca">
         <name>_args_main</name>
         <value>0x2425</value>
         <object_component_ref idref="oc-88"/>
      </symbol>
      <symbol id="sm-4f0">
         <name>__TI_auto_init</name>
         <value>0x1959</value>
         <object_component_ref idref="oc-82"/>
      </symbol>
      <symbol id="sm-50a">
         <name>copy_in</name>
         <value>0x1e71</value>
         <object_component_ref idref="oc-fa"/>
      </symbol>
      <symbol id="sm-514">
         <name>__aeabi_idiv0</name>
         <value>0x1a2f</value>
         <object_component_ref idref="oc-30f"/>
      </symbol>
      <symbol id="sm-58a">
         <name>SysCtlClockFreqSet</name>
         <value>0x67d</value>
         <object_component_ref idref="oc-19f"/>
      </symbol>
      <symbol id="sm-5dd">
         <name>IntIsEnabled</name>
         <value>0x1a95</value>
         <object_component_ref idref="oc-3b3"/>
      </symbol>
      <symbol id="sm-5de">
         <name>IntEnable</name>
         <value>0x1bb9</value>
         <object_component_ref idref="oc-288"/>
      </symbol>
      <symbol id="sm-5df">
         <name>IntTrigger</name>
         <value>0x2529</value>
         <object_component_ref idref="oc-3bf"/>
      </symbol>
      <symbol id="sm-5e0">
         <name>IntDisable</name>
         <value>0x1b59</value>
         <object_component_ref idref="oc-3b9"/>
      </symbol>
      <symbol id="sm-61d">
         <name>GPIOPinTypeI2CSCL</name>
         <value>0x248f</value>
         <object_component_ref idref="oc-1b7"/>
      </symbol>
      <symbol id="sm-61e">
         <name>GPIOPinRead</name>
         <value>0x2563</value>
         <object_component_ref idref="oc-126"/>
      </symbol>
      <symbol id="sm-61f">
         <name>GPIODirModeSet</name>
         <value>0x2311</value>
         <object_component_ref idref="oc-27b"/>
      </symbol>
      <symbol id="sm-620">
         <name>GPIOPinWrite</name>
         <value>0x2569</value>
         <object_component_ref idref="oc-12e"/>
      </symbol>
      <symbol id="sm-621">
         <name>GPIOPadConfigSet</name>
         <value>0xd8d</value>
         <object_component_ref idref="oc-255"/>
      </symbol>
      <symbol id="sm-622">
         <name>GPIOPinTypeEthernetLED</name>
         <value>0x247d</value>
         <object_component_ref idref="oc-25b"/>
      </symbol>
      <symbol id="sm-6f3">
         <name>I2CMCommand</name>
         <value>0x17ed</value>
         <object_component_ref idref="oc-37b"/>
      </symbol>
      <symbol id="sm-6f4">
         <name>I2CMInit</name>
         <value>0x21d5</value>
         <object_component_ref idref="oc-1bd"/>
      </symbol>
      <symbol id="sm-6f5">
         <name>I2CMIntHandler</name>
         <value>0x11cd</value>
         <object_component_ref idref="oc-d5"/>
      </symbol>
      <symbol id="sm-73e">
         <name>I2CMasterDataPut</name>
         <value>0x2583</value>
         <object_component_ref idref="oc-21c"/>
      </symbol>
      <symbol id="sm-73f">
         <name>I2CMasterInitExpClk</name>
         <value>0x1f05</value>
         <object_component_ref idref="oc-282"/>
      </symbol>
      <symbol id="sm-740">
         <name>I2CMasterSlaveAddrSet</name>
         <value>0x255b</value>
         <object_component_ref idref="oc-214"/>
      </symbol>
      <symbol id="sm-741">
         <name>I2CMasterDataGet</name>
         <value>0x257f</value>
         <object_component_ref idref="oc-20a"/>
      </symbol>
      <symbol id="sm-742">
         <name>I2CMasterIntEnableEx</name>
         <value>0x2553</value>
         <object_component_ref idref="oc-28e"/>
      </symbol>
      <symbol id="sm-743">
         <name>I2CMasterControl</name>
         <value>0x257b</value>
         <object_component_ref idref="oc-13b"/>
      </symbol>
      <symbol id="sm-744">
         <name>I2CMasterEnable</name>
         <value>0x2541</value>
         <object_component_ref idref="oc-2e6"/>
      </symbol>
      <symbol id="sm-745">
         <name>I2CMasterIntClear</name>
         <value>0x254b</value>
         <object_component_ref idref="oc-135"/>
      </symbol>
      <symbol id="sm-746">
         <name>__TI_static_base__</name>
         <value>0x0</value>
      </symbol>
      <symbol id="sm-749">
         <name>SHT$$INIT_ARRAY$$Limit</name>
         <value>0x0</value>
      </symbol>
      <symbol id="sm-74a">
         <name>SHT$$INIT_ARRAY$$Base</name>
         <value>0x0</value>
      </symbol>
   </symbol_table>
   <title>Link successful</title>
</link_info>
